============================= test session starts =============================
platform win32 -- Python 3.10.19, pytest-9.0.1, pluggy-1.6.0 -- E:\conda\autosub\python.exe
cachedir: .pytest_cache
rootdir: C:\Users\Jamtol\git\autosub
plugins: anyio-4.12.0, cov-7.0.0
collecting ... collected 3 items

tests/test_srt_generator.py::test_format_timestamp FAILED                [ 33%]
tests/test_srt_generator.py::test_generate_srt PASSED                    [ 66%]
tests/test_srt_generator.py::test_generate_output_filename PASSED        [100%]

================================== FAILURES ===================================
____________________________ test_format_timestamp ____________________________

    def test_format_timestamp():
        # Test cases: seconds -> 00:00:00,000
        assert SRTGenerator.format_timestamp(0) == "00:00:00,000"
        assert SRTGenerator.format_timestamp(1.5) == "00:00:01,500"
>       assert SRTGenerator.format_timestamp(61.001) == "00:01:01,001"
E       AssertionError: assert '00:01:01,000' == '00:01:01,001'
E         
E         - 00:01:01,001
E         ?            ^
E         + 00:01:01,000
E         ?            ^

tests\test_srt_generator.py:9: AssertionError
=========================== short test summary info ===========================
FAILED tests/test_srt_generator.py::test_format_timestamp - AssertionError: a...
========================= 1 failed, 2 passed in 0.15s =========================
